docker compose \
  -f docker-compose.yml \
  run \
  -v "$PWD":/app \
  -w /app \
  -e ARTIFACTORY_PASSWORD="$(vault kv get -field=password /springernature/shared/artifactory)" \
  -e ARTIFACTORY_URL="$(vault kv get -field=url /springernature/shared/artifactory)" \
  -e ARTIFACTORY_USERNAME="$(vault kv get -field=username /springernature/shared/artifactory)" \
  -e RUNNING_IN_CI="true" \
  --use-aliases \
  app
